2026-10-05 21:53:32,168 INFO o.a.j.u.JMeterUtils: Setting Locale to en_EN
2026-10-05 21:53:32,193 INFO o.a.j.JMeter: Loading user properties from: C:\tools\apache-jmeter-5.6.3\bin\user.properties
2026-10-05 21:53:32,193 INFO o.a.j.JMeter: Loading system properties from: C:\tools\apache-jmeter-5.6.3\bin\system.properties
2026-10-05 21:53:32,201 INFO o.a.j.JMeter: Copyright (c) 1998-2024 The Apache Software Foundation
2026-10-05 21:53:32,201 INFO o.a.j.JMeter: Version 5.6.3
2026-10-05 21:53:32,202 INFO o.a.j.JMeter: java.version=21.0.12.1
2026-10-05 21:53:32,202 INFO o.a.j.JMeter: java.vm.name=OpenJDK 64-Bit Server VM
2026-10-05 21:53:32,202 INFO o.a.j.JMeter: os.name=Windows 11
2026-10-05 21:53:32,202 INFO o.a.j.JMeter: os.arch=amd64
2026-10-05 21:53:32,203 INFO o.a.j.JMeter: os.version=10.0
2026-10-05 21:53:32,203 INFO o.a.j.JMeter: file.encoding=UTF-8
2026-10-05 21:53:32,203 INFO o.a.j.JMeter: java.awt.headless=null
2026-10-05 21:53:32,204 INFO o.a.j.JMeter: Max memory     =1073741824
2026-10-05 21:53:32,204 INFO o.a.j.JMeter: Available Processors =22
2026-10-05 21:53:32,213 INFO o.a.j.JMeter: Default Locale=English (EN)
2026-10-05 21:53:32,214 INFO o.a.j.JMeter: JMeter  Locale=English (EN)
2026-10-05 21:53:32,214 INFO o.a.j.JMeter: JMeterHome=C:\tools\apache-jmeter-5.6.3
2026-10-05 21:53:32,214 INFO o.a.j.JMeter: user.dir  =C:\Users\admin\Documents\GitHub\ict3113-p1-1-a1
2026-10-05 21:53:32,214 INFO o.a.j.JMeter: PWD       =C:\Users\admin\Documents\GitHub\ict3113-p1-1-a1
2026-10-05 21:53:32,215 INFO o.a.j.JMeter: IP: 192.168.68.69 Name: azure FullName: azure
